<html>
<body>
<pre>
<h1>µVision Build Log</h1>
<h2>Project:</h2>
D:\work\spectrum_analyzer1.2\USER\Spectrum_analyzer.uvproj
Project File Date:  09/10/2018

<h2>Output:</h2>
Build target 'Target 1'
compiling main.c...
main.c(393): warning:  #188-D: enumerated type mixed with another type
linking...
Program Size: Code=13064 RO-data=336 RW-data=84 ZI-data=3900  
FromELF: creating hex file...
"..\OBJ\Spectrum_analyzer.axf" - 0 Error(s), 1 Warning(s).
Build target 'Target 1'
compiling main.c...
main.c(393): warning:  #188-D: enumerated type mixed with another type
linking...
Program Size: Code=13256 RO-data=336 RW-data=84 ZI-data=3900  
FromELF: creating hex file...
"..\OBJ\Spectrum_analyzer.axf" - 0 Error(s), 1 Warning(s).
Load "..\\OBJ\\Spectrum_analyzer.AXF" 
Set JLink Project File to "D:\work\spectrum_analyzer1.2\USER\JLinkSettings.ini"
* JLink Info: Device "STM32F103C8" selected (64 KB flash, 20 KB RAM).
 
JLink info:
------------
DLL: V4.54a, compiled Sep 17 2012 15:58:45
Firmware: J-Link ARM V8 compiled Jan 31 2018 18:34:52
Hardware: V8.00
S/N : 20080643 
Feature(s) : RDI,FlashDL,FlashBP,JFlash,GDBFull 
 
* JLink Info: Found SWD-DP with ID 0x1BA01477
* JLink Info: Found SWD-DP with ID 0x1BA01477
* JLink Info: TPIU fitted.
* JLink Info: ETM fitted.
* JLink Info: FPUnit: 6 code (BP) slots and 2 literal slots
* JLink Info: Found Cortex-M3 r1p1, Little endian.
ROMTableAddr = 0xE00FF003
 
Target info:
------------
Device: STM32F103C8
VTarget = 3.377V
State of Pins: 
TCK: 0, TDI: 1, TDO: 0, TMS: 0, TRES: 1, TRST: 1
Hardware-Breakpoints: 6
Software-Breakpoints: 8192
Watchpoints:          4
JTAG speed: 500 kHz
 
Erase Done.
Programming Done.
Verify OK.
Application running ...
